Rerunning AdamW VPO 30-step run with model-only checkpoint
The following values were not passed to `accelerate launch` and had defaults used instead:
	`--num_processes` was set to a value of `1`
	`--num_machines` was set to a value of `1`
	`--mixed_precision` was set to a value of `'no'`
	`--dynamo_backend` was set to a value of `'no'`
To avoid this warning pass in values for each of the problematic parameters or run `accelerate config`.
`torch_dtype` is deprecated! Use `dtype` instead!
Map:   0%|          | 0/128 [00:00<?, ? examples/s]Map: 100%|██████████| 128/128 [00:00<00:00, 4333.80 examples/s]
Map:   0%|          | 0/32 [00:00<?, ? examples/s]Map: 100%|██████████| 32/32 [00:00<00:00, 4522.77 examples/s]
The tokenizer has new PAD/BOS/EOS tokens that differ from the model config and generation config. The model config and generation config were aligned accordingly, being updated with the tokenizer's values. Updated tokens: {'bos_token_id': None, 'pad_token_id': 151643}.
`generation_config` default values have been modified to match model-specific defaults: {'temperature': 0.6, 'top_p': 0.95}. If this is not desired, please set these values explicitly.
{'loss': -0.0543, 'grad_norm': 13.625, 'learning_rate': 1e-06, 'num_tokens': 7305.0, 'completions/mean_length': 59.5625, 'completions/min_length': 55.0, 'completions/max_length': 107.0, 'completions/clipped_ratio': 0.0, 'completions/mean_terminated_length': 59.5625, 'completions/min_terminated_length': 55.0, 'completions/max_terminated_length': 107.0, 'rewards/maze_vpo_reward/mean': 0.1940980702638626, 'rewards/maze_vpo_reward/std': 0.34853219985961914, 'reward': 0.1940980702638626, 'reward_std': 0.36075133085250854, 'frac_reward_zero_std': 0.0, 'kl': 0.0007699781563133001, 'clip_ratio/low_mean': 0.0, 'clip_ratio/low_min': 0.0, 'clip_ratio/high_mean': 0.0, 'clip_ratio/high_max': 0.0, 'clip_ratio/region_mean': 0.0, 'epoch': 0.015625}
{'loss': 0.0107, 'grad_norm': 15.5625, 'learning_rate': 1e-06, 'num_tokens': 14542.0, 'completions/mean_length': 56.3125, 'completions/min_length': 49.0, 'completions/max_length': 61.0, 'completions/clipped_ratio': 0.0, 'completions/mean_terminated_length': 56.3125, 'completions/min_terminated_length': 49.0, 'completions/max_terminated_length': 61.0, 'rewards/maze_vpo_reward/mean': 0.1810687631368637, 'rewards/maze_vpo_reward/std': 0.324874609708786, 'reward': 0.1810687631368637, 'reward_std': 0.3360918164253235, 'frac_reward_zero_std': 0.0, 'kl': 0.0004988737782696262, 'clip_ratio/low_mean': 0.0, 'clip_ratio/low_min': 0.0, 'clip_ratio/high_mean': 0.0, 'clip_ratio/high_max': 0.0, 'clip_ratio/region_mean': 0.0, 'epoch': 0.03125}
{'loss': 0.005, 'grad_norm': 9.125, 'learning_rate': 1e-06, 'num_tokens': 21780.0, 'completions/mean_length': 56.375, 'completions/min_length': 55.0, 'completions/max_length': 60.0, 'completions/clipped_ratio': 0.0, 'completions/mean_terminated_length': 56.375, 'completions/min_terminated_length': 55.0, 'completions/max_terminated_length': 60.0, 'rewards/maze_vpo_reward/mean': 0.1120566576719284, 'rewards/maze_vpo_reward/std': 0.3062395453453064, 'reward': 0.1120566576719284, 'reward_std': 0.2075221836566925, 'frac_reward_zero_std': 0.5, 'kl': 0.0011127489706268534, 'clip_ratio/low_mean': 0.0, 'clip_ratio/low_min': 0.0, 'clip_ratio/high_mean': 0.0, 'clip_ratio/high_max': 0.0, 'clip_ratio/region_mean': 0.0, 'epoch': 0.046875}
{'loss': -0.1539, 'grad_norm': 6.4375, 'learning_rate': 1e-06, 'num_tokens': 29187.0, 'completions/mean_length': 68.4375, 'completions/min_length': 48.0, 'completions/max_length': 157.0, 'completions/clipped_ratio': 0.0, 'completions/mean_terminated_length': 68.4375, 'completions/min_terminated_length': 48.0, 'completions/max_terminated_length': 157.0, 'rewards/maze_vpo_reward/mean': 0.14308702945709229, 'rewards/maze_vpo_reward/std': 0.30770307779312134, 'reward': 0.14308702945709229, 'reward_std': 0.19754162430763245, 'frac_reward_zero_std': 0.5, 'kl': 0.0011116468376712874, 'clip_ratio/low_mean': 0.0, 'clip_ratio/low_min': 0.0, 'clip_ratio/high_mean': 0.0, 'clip_ratio/high_max': 0.0, 'clip_ratio/region_mean': 0.0, 'epoch': 0.0625}
{'loss': -0.0007, 'grad_norm': 5.0, 'learning_rate': 1e-06, 'num_tokens': 36423.0, 'completions/mean_length': 56.25, 'completions/min_length': 55.0, 'completions/max_length': 59.0, 'completions/clipped_ratio': 0.0, 'completions/mean_terminated_length': 56.25, 'completions/min_terminated_length': 55.0, 'completions/max_terminated_length': 59.0, 'rewards/maze_vpo_reward/mean': 0.4012119174003601, 'rewards/maze_vpo_reward/std': 0.41774502396583557, 'reward': 0.4012119174003601, 'reward_std': 0.03878845274448395, 'frac_reward_zero_std': 0.5, 'kl': 0.0017856666527222842, 'clip_ratio/low_mean': 0.0, 'clip_ratio/low_min': 0.0, 'clip_ratio/high_mean': 0.0, 'clip_ratio/high_max': 0.0, 'clip_ratio/region_mean': 0.0, 'epoch': 0.078125}
{'loss': 0.0816, 'grad_norm': 8.3125, 'learning_rate': 1e-06, 'num_tokens': 43851.0, 'completions/mean_length': 68.75, 'completions/min_length': 55.0, 'completions/max_length': 130.0, 'completions/clipped_ratio': 0.0, 'completions/mean_terminated_length': 68.75, 'completions/min_terminated_length': 55.0, 'completions/max_terminated_length': 130.0, 'rewards/maze_vpo_reward/mean': 0.21559429168701172, 'rewards/maze_vpo_reward/std': 0.3857390880584717, 'reward': 0.21559429168701172, 'reward_std': 0.230544775724411, 'frac_reward_zero_std': 0.5, 'kl': 0.0019153760513290763, 'clip_ratio/low_mean': 0.0, 'clip_ratio/low_min': 0.0, 'clip_ratio/high_mean': 0.0, 'clip_ratio/high_max': 0.0, 'clip_ratio/region_mean': 0.0, 'epoch': 0.09375}
{'loss': -0.0907, 'grad_norm': 7.78125, 'learning_rate': 1e-06, 'num_tokens': 51171.0, 'completions/mean_length': 62.0, 'completions/min_length': 47.0, 'completions/max_length': 160.0, 'completions/clipped_ratio': 0.0, 'completions/mean_terminated_length': 62.0, 'completions/min_terminated_length': 47.0, 'completions/max_terminated_length': 160.0, 'rewards/maze_vpo_reward/mean': 0.1980254352092743, 'rewards/maze_vpo_reward/std': 0.3546285331249237, 'reward': 0.1980254352092743, 'reward_std': 0.21204747259616852, 'frac_reward_zero_std': 0.5, 'kl': 0.0024684880045242608, 'clip_ratio/low_mean': 0.0, 'clip_ratio/low_min': 0.0, 'clip_ratio/high_mean': 0.0, 'clip_ratio/high_max': 0.0, 'clip_ratio/region_mean': 0.0, 'epoch': 0.109375}
{'loss': 0.0194, 'grad_norm': 8.5, 'learning_rate': 1e-06, 'num_tokens': 58585.0, 'completions/mean_length': 67.375, 'completions/min_length': 50.0, 'completions/max_length': 256.0, 'completions/clipped_ratio': 0.0, 'completions/mean_terminated_length': 67.375, 'completions/min_terminated_length': 50.0, 'completions/max_terminated_length': 256.0, 'rewards/maze_vpo_reward/mean': 0.25715142488479614, 'rewards/maze_vpo_reward/std': 0.3944934606552124, 'reward': 0.25715142488479614, 'reward_std': 0.2135036587715149, 'frac_reward_zero_std': 0.5, 'kl': 0.0019156181369908154, 'clip_ratio/low_mean': 0.0, 'clip_ratio/low_min': 0.0, 'clip_ratio/high_mean': 0.0, 'clip_ratio/high_max': 0.0, 'clip_ratio/region_mean': 0.0, 'epoch': 0.125}
{'loss': -0.0036, 'grad_norm': 9.3125, 'learning_rate': 1e-06, 'num_tokens': 65796.0, 'completions/mean_length': 55.1875, 'completions/min_length': 49.0, 'completions/max_length': 59.0, 'completions/clipped_ratio': 0.0, 'completions/mean_terminated_length': 55.1875, 'completions/min_terminated_length': 49.0, 'completions/max_terminated_length': 59.0, 'rewards/maze_vpo_reward/mean': 0.24120786786079407, 'rewards/maze_vpo_reward/std': 0.37040629982948303, 'reward': 0.24120786786079407, 'reward_std': 0.20063404738903046, 'frac_reward_zero_std': 0.5, 'kl': 0.0030519788269884884, 'clip_ratio/low_mean': 0.0, 'clip_ratio/low_min': 0.0, 'clip_ratio/high_mean': 0.0, 'clip_ratio/high_max': 0.0, 'clip_ratio/region_mean': 0.0, 'epoch': 0.140625}
{'loss': 0.0, 'grad_norm': 0.00933837890625, 'learning_rate': 1e-06, 'num_tokens': 73151.0, 'completions/mean_length': 63.1875, 'completions/min_length': 51.0, 'completions/max_length': 138.0, 'completions/clipped_ratio': 0.0, 'completions/mean_terminated_length': 63.1875, 'completions/min_terminated_length': 51.0, 'completions/max_terminated_length': 138.0, 'rewards/maze_vpo_reward/mean': 0.0, 'rewards/maze_vpo_reward/std': 0.0, 'reward': 0.0, 'reward_std': 0.0, 'frac_reward_zero_std': 1.0, 'kl': 0.004747657920233905, 'clip_ratio/low_mean': 0.0, 'clip_ratio/low_min': 0.0, 'clip_ratio/high_mean': 0.0, 'clip_ratio/high_max': 0.0, 'clip_ratio/region_mean': 0.0, 'epoch': 0.15625}
{'loss': 0.0097, 'grad_norm': 8.875, 'learning_rate': 1e-06, 'num_tokens': 80389.0, 'completions/mean_length': 55.875, 'completions/min_length': 49.0, 'completions/max_length': 66.0, 'completions/clipped_ratio': 0.0, 'completions/mean_terminated_length': 55.875, 'completions/min_terminated_length': 49.0, 'completions/max_terminated_length': 66.0, 'rewards/maze_vpo_reward/mean': 0.2027435004711151, 'rewards/maze_vpo_reward/std': 0.3627174198627472, 'reward': 0.2027435004711151, 'reward_std': 0.21677671372890472, 'frac_reward_zero_std': 0.5, 'kl': 0.005023542093113065, 'clip_ratio/low_mean': 0.0, 'clip_ratio/low_min': 0.0, 'clip_ratio/high_mean': 0.0, 'clip_ratio/high_max': 0.0, 'clip_ratio/region_mean': 0.0, 'epoch': 0.171875}
{'loss': 0.0498, 'grad_norm': 13.8125, 'learning_rate': 1e-06, 'num_tokens': 87823.0, 'completions/mean_length': 68.625, 'completions/min_length': 55.0, 'completions/max_length': 157.0, 'completions/clipped_ratio': 0.0, 'completions/mean_terminated_length': 68.625, 'completions/min_terminated_length': 55.0, 'completions/max_terminated_length': 157.0, 'rewards/maze_vpo_reward/mean': 0.2759122848510742, 'rewards/maze_vpo_reward/std': 0.3682011663913727, 'reward': 0.2759122848510742, 'reward_std': 0.17066465318202972, 'frac_reward_zero_std': 0.5, 'kl': 0.005422094196546823, 'clip_ratio/low_mean': 0.0, 'clip_ratio/low_min': 0.0, 'clip_ratio/high_mean': 0.0, 'clip_ratio/high_max': 0.0, 'clip_ratio/region_mean': 0.0, 'epoch': 0.1875}
{'loss': -0.0253, 'grad_norm': 6.53125, 'learning_rate': 1e-06, 'num_tokens': 95103.0, 'completions/mean_length': 60.0, 'completions/min_length': 49.0, 'completions/max_length': 141.0, 'completions/clipped_ratio': 0.0, 'completions/mean_terminated_length': 60.0, 'completions/min_terminated_length': 49.0, 'completions/max_terminated_length': 141.0, 'rewards/maze_vpo_reward/mean': 0.3133291006088257, 'rewards/maze_vpo_reward/std': 0.4181288778781891, 'reward': 0.3133291006088257, 'reward_std': 0.19380350410938263, 'frac_reward_zero_std': 0.5, 'kl': 0.0037061727489344776, 'clip_ratio/low_mean': 0.0, 'clip_ratio/low_min': 0.0, 'clip_ratio/high_mean': 0.0, 'clip_ratio/high_max': 0.0, 'clip_ratio/region_mean': 0.0, 'epoch': 0.203125}
{'loss': 0.0, 'grad_norm': 0.006683349609375, 'learning_rate': 1e-06, 'num_tokens': 102380.0, 'completions/mean_length': 58.8125, 'completions/min_length': 49.0, 'completions/max_length': 118.0, 'completions/clipped_ratio': 0.0, 'completions/mean_terminated_length': 58.8125, 'completions/min_terminated_length': 49.0, 'completions/max_terminated_length': 118.0, 'rewards/maze_vpo_reward/mean': 0.0, 'rewards/maze_vpo_reward/std': 0.0, 'reward': 0.0, 'reward_std': 0.0, 'frac_reward_zero_std': 1.0, 'kl': 0.006439226504880935, 'clip_ratio/low_mean': 0.0, 'clip_ratio/low_min': 0.0, 'clip_ratio/high_mean': 0.0, 'clip_ratio/high_max': 0.0, 'clip_ratio/region_mean': 0.0, 'epoch': 0.21875}
{'loss': 0.0, 'grad_norm': 0.00665283203125, 'learning_rate': 1e-06, 'num_tokens': 109651.0, 'completions/mean_length': 58.4375, 'completions/min_length': 47.0, 'completions/max_length': 106.0, 'completions/clipped_ratio': 0.0, 'completions/mean_terminated_length': 58.4375, 'completions/min_terminated_length': 47.0, 'completions/max_terminated_length': 106.0, 'rewards/maze_vpo_reward/mean': 0.0, 'rewards/maze_vpo_reward/std': 0.0, 'reward': 0.0, 'reward_std': 0.0, 'frac_reward_zero_std': 1.0, 'kl': 0.00547301210463047, 'clip_ratio/low_mean': 0.0, 'clip_ratio/low_min': 0.0, 'clip_ratio/high_mean': 0.0, 'clip_ratio/high_max': 0.0, 'clip_ratio/region_mean': 0.0, 'epoch': 0.234375}
{'loss': 0.0, 'grad_norm': 0.015625, 'learning_rate': 1e-06, 'num_tokens': 116893.0, 'completions/mean_length': 56.125, 'completions/min_length': 54.0, 'completions/max_length': 60.0, 'completions/clipped_ratio': 0.0, 'completions/mean_terminated_length': 56.125, 'completions/min_terminated_length': 54.0, 'completions/max_terminated_length': 60.0, 'rewards/maze_vpo_reward/mean': 0.0, 'rewards/maze_vpo_reward/std': 0.0, 'reward': 0.0, 'reward_std': 0.0, 'frac_reward_zero_std': 1.0, 'kl': 0.009757530526258051, 'clip_ratio/low_mean': 0.0, 'clip_ratio/low_min': 0.0, 'clip_ratio/high_mean': 0.0, 'clip_ratio/high_max': 0.0, 'clip_ratio/region_mean': 0.0, 'epoch': 0.25}
{'loss': 0.0211, 'grad_norm': 6.34375, 'learning_rate': 1e-06, 'num_tokens': 124210.0, 'completions/mean_length': 61.3125, 'completions/min_length': 51.0, 'completions/max_length': 153.0, 'completions/clipped_ratio': 0.0, 'completions/mean_terminated_length': 61.3125, 'completions/min_terminated_length': 51.0, 'completions/max_terminated_length': 153.0, 'rewards/maze_vpo_reward/mean': 0.30447956919670105, 'rewards/maze_vpo_reward/std': 0.40650859475135803, 'reward': 0.30447956919670105, 'reward_std': 0.18854834139347076, 'frac_reward_zero_std': 0.5, 'kl': 0.007783448090776801, 'clip_ratio/low_mean': 0.0, 'clip_ratio/low_min': 0.0, 'clip_ratio/high_mean': 0.0, 'clip_ratio/high_max': 0.0, 'clip_ratio/region_mean': 0.0, 'epoch': 0.265625}
{'loss': -0.0496, 'grad_norm': 7.0, 'learning_rate': 1e-06, 'num_tokens': 131645.0, 'completions/mean_length': 68.1875, 'completions/min_length': 49.0, 'completions/max_length': 135.0, 'completions/clipped_ratio': 0.0, 'completions/mean_terminated_length': 68.1875, 'completions/min_terminated_length': 49.0, 'completions/max_terminated_length': 135.0, 'rewards/maze_vpo_reward/mean': 0.6796767711639404, 'rewards/maze_vpo_reward/std': 0.2720170319080353, 'reward': 0.6796767711639404, 'reward_std': 0.280053049325943, 'frac_reward_zero_std': 0.0, 'kl': 0.006411952432245016, 'clip_ratio/low_mean': 0.0, 'clip_ratio/low_min': 0.0, 'clip_ratio/high_mean': 0.0, 'clip_ratio/high_max': 0.0, 'clip_ratio/region_mean': 0.0, 'epoch': 0.28125}
{'loss': 0.0083, 'grad_norm': 10.5, 'learning_rate': 1e-06, 'num_tokens': 138874.0, 'completions/mean_length': 55.3125, 'completions/min_length': 55.0, 'completions/max_length': 59.0, 'completions/clipped_ratio': 0.0, 'completions/mean_terminated_length': 55.3125, 'completions/min_terminated_length': 55.0, 'completions/max_terminated_length': 59.0, 'rewards/maze_vpo_reward/mean': 0.7059389352798462, 'rewards/maze_vpo_reward/std': 0.28226709365844727, 'reward': 0.7059389352798462, 'reward_std': 0.21681420505046844, 'frac_reward_zero_std': 0.0, 'kl': 0.006421883008442819, 'clip_ratio/low_mean': 0.0, 'clip_ratio/low_min': 0.0, 'clip_ratio/high_mean': 0.0, 'clip_ratio/high_max': 0.0, 'clip_ratio/region_mean': 0.0, 'epoch': 0.296875}
{'loss': 0.051, 'grad_norm': 7.0625, 'learning_rate': 1e-06, 'num_tokens': 146126.0, 'completions/mean_length': 57.75, 'completions/min_length': 55.0, 'completions/max_length': 98.0, 'completions/clipped_ratio': 0.0, 'completions/mean_terminated_length': 57.75, 'completions/min_terminated_length': 55.0, 'completions/max_terminated_length': 98.0, 'rewards/maze_vpo_reward/mean': 0.7512561678886414, 'rewards/maze_vpo_reward/std': 0.04484919086098671, 'reward': 0.7512562274932861, 'reward_std': 0.04543440416455269, 'frac_reward_zero_std': 0.0, 'kl': 0.006595704122446477, 'clip_ratio/low_mean': 0.0, 'clip_ratio/low_min': 0.0, 'clip_ratio/high_mean': 0.0, 'clip_ratio/high_max': 0.0, 'clip_ratio/region_mean': 0.0, 'epoch': 0.3125}
{'loss': -0.0374, 'grad_norm': 7.375, 'learning_rate': 1e-06, 'num_tokens': 153600.0, 'completions/mean_length': 71.125, 'completions/min_length': 55.0, 'completions/max_length': 137.0, 'completions/clipped_ratio': 0.0, 'completions/mean_terminated_length': 71.125, 'completions/min_terminated_length': 55.0, 'completions/max_terminated_length': 137.0, 'rewards/maze_vpo_reward/mean': 0.607994556427002, 'rewards/maze_vpo_reward/std': 0.36475715041160583, 'reward': 0.6079944968223572, 'reward_std': 0.22236056625843048, 'frac_reward_zero_std': 0.0, 'kl': 0.0068066765088588, 'clip_ratio/low_mean': 0.0, 'clip_ratio/low_min': 0.0, 'clip_ratio/high_mean': 0.0, 'clip_ratio/high_max': 0.0, 'clip_ratio/region_mean': 0.0, 'epoch': 0.328125}
{'loss': 0.1046, 'grad_norm': 13.375, 'learning_rate': 1e-06, 'num_tokens': 160977.0, 'completions/mean_length': 65.5625, 'completions/min_length': 54.0, 'completions/max_length': 145.0, 'completions/clipped_ratio': 0.0, 'completions/mean_terminated_length': 65.5625, 'completions/min_terminated_length': 54.0, 'completions/max_terminated_length': 145.0, 'rewards/maze_vpo_reward/mean': 0.6785093545913696, 'rewards/maze_vpo_reward/std': 0.2674309313297272, 'reward': 0.6785093545913696, 'reward_std': 0.2767115533351898, 'frac_reward_zero_std': 0.0, 'kl': 0.008122288272716105, 'clip_ratio/low_mean': 0.0, 'clip_ratio/low_min': 0.0, 'clip_ratio/high_mean': 0.0, 'clip_ratio/high_max': 0.0, 'clip_ratio/region_mean': 0.0, 'epoch': 0.34375}
{'loss': -0.0217, 'grad_norm': 5.84375, 'learning_rate': 1e-06, 'num_tokens': 168209.0, 'completions/mean_length': 56.5, 'completions/min_length': 49.0, 'completions/max_length': 85.0, 'completions/clipped_ratio': 0.0, 'completions/mean_terminated_length': 56.5, 'completions/min_terminated_length': 49.0, 'completions/max_terminated_length': 85.0, 'rewards/maze_vpo_reward/mean': 0.34440386295318604, 'rewards/maze_vpo_reward/std': 0.4037558138370514, 'reward': 0.34440386295318604, 'reward_std': 0.13982859253883362, 'frac_reward_zero_std': 0.5, 'kl': 0.008185451151803136, 'clip_ratio/low_mean': 0.0, 'clip_ratio/low_min': 0.0, 'clip_ratio/high_mean': 0.0, 'clip_ratio/high_max': 0.0, 'clip_ratio/region_mean': 0.0, 'epoch': 0.359375}
{'loss': -0.0321, 'grad_norm': 5.53125, 'learning_rate': 1e-06, 'num_tokens': 175614.0, 'completions/mean_length': 66.3125, 'completions/min_length': 55.0, 'completions/max_length': 236.0, 'completions/clipped_ratio': 0.0, 'completions/mean_terminated_length': 66.3125, 'completions/min_terminated_length': 55.0, 'completions/max_terminated_length': 236.0, 'rewards/maze_vpo_reward/mean': 0.36646509170532227, 'rewards/maze_vpo_reward/std': 0.4293893277645111, 'reward': 0.36646509170532227, 'reward_std': 0.1484300196170807, 'frac_reward_zero_std': 0.5, 'kl': 0.0051946344319731, 'clip_ratio/low_mean': 0.0, 'clip_ratio/low_min': 0.0, 'clip_ratio/high_mean': 0.0, 'clip_ratio/high_max': 0.0, 'clip_ratio/region_mean': 0.0, 'epoch': 0.375}
{'loss': 0.0, 'grad_norm': 0.0059814453125, 'learning_rate': 1e-06, 'num_tokens': 182926.0, 'completions/mean_length': 61.0, 'completions/min_length': 55.0, 'completions/max_length': 151.0, 'completions/clipped_ratio': 0.0, 'completions/mean_terminated_length': 61.0, 'completions/min_terminated_length': 55.0, 'completions/max_terminated_length': 151.0, 'rewards/maze_vpo_reward/mean': 0.0, 'rewards/maze_vpo_reward/std': 0.0, 'reward': 0.0, 'reward_std': 0.0, 'frac_reward_zero_std': 1.0, 'kl': 0.00709670118521899, 'clip_ratio/low_mean': 0.0, 'clip_ratio/low_min': 0.0, 'clip_ratio/high_mean': 0.0, 'clip_ratio/high_max': 0.0, 'clip_ratio/region_mean': 0.0, 'epoch': 0.390625}
{'loss': -0.0183, 'grad_norm': 2.765625, 'learning_rate': 1e-06, 'num_tokens': 190201.0, 'completions/mean_length': 58.6875, 'completions/min_length': 55.0, 'completions/max_length': 112.0, 'completions/clipped_ratio': 0.0, 'completions/mean_terminated_length': 58.6875, 'completions/min_terminated_length': 55.0, 'completions/max_terminated_length': 112.0, 'rewards/maze_vpo_reward/mean': 0.42036908864974976, 'rewards/maze_vpo_reward/std': 0.4343240261077881, 'reward': 0.42036908864974976, 'reward_std': 0.008859112858772278, 'frac_reward_zero_std': 0.5, 'kl': 0.008052075281739235, 'clip_ratio/low_mean': 0.0, 'clip_ratio/low_min': 0.0, 'clip_ratio/high_mean': 0.0, 'clip_ratio/high_max': 0.0, 'clip_ratio/region_mean': 0.0, 'epoch': 0.40625}
{'loss': -0.0014, 'grad_norm': 9.1875, 'learning_rate': 1e-06, 'num_tokens': 197403.0, 'completions/mean_length': 55.125, 'completions/min_length': 52.0, 'completions/max_length': 60.0, 'completions/clipped_ratio': 0.0, 'completions/mean_terminated_length': 55.125, 'completions/min_terminated_length': 52.0, 'completions/max_terminated_length': 60.0, 'rewards/maze_vpo_reward/mean': 0.6208035945892334, 'rewards/maze_vpo_reward/std': 0.31005823612213135, 'reward': 0.6208036541938782, 'reward_std': 0.31497275829315186, 'frac_reward_zero_std': 0.0, 'kl': 0.007396718370728195, 'clip_ratio/low_mean': 0.0, 'clip_ratio/low_min': 0.0, 'clip_ratio/high_mean': 0.0, 'clip_ratio/high_max': 0.0, 'clip_ratio/region_mean': 0.0, 'epoch': 0.421875}
{'loss': -0.0247, 'grad_norm': 5.59375, 'learning_rate': 1e-06, 'num_tokens': 204784.0, 'completions/mean_length': 66.3125, 'completions/min_length': 49.0, 'completions/max_length': 242.0, 'completions/clipped_ratio': 0.0, 'completions/mean_terminated_length': 66.3125, 'completions/min_terminated_length': 49.0, 'completions/max_terminated_length': 242.0, 'rewards/maze_vpo_reward/mean': 0.7062974572181702, 'rewards/maze_vpo_reward/std': 0.19120633602142334, 'reward': 0.7062974572181702, 'reward_std': 0.1461194008588791, 'frac_reward_zero_std': 0.0, 'kl': 0.006090400740504265, 'clip_ratio/low_mean': 0.0, 'clip_ratio/low_min': 0.0, 'clip_ratio/high_mean': 0.0, 'clip_ratio/high_max': 0.0, 'clip_ratio/region_mean': 0.0, 'epoch': 0.4375}
{'loss': -0.0014, 'grad_norm': 4.9375, 'learning_rate': 1e-06, 'num_tokens': 212092.0, 'completions/mean_length': 60.25, 'completions/min_length': 54.0, 'completions/max_length': 134.0, 'completions/clipped_ratio': 0.0, 'completions/mean_terminated_length': 60.25, 'completions/min_terminated_length': 54.0, 'completions/max_terminated_length': 134.0, 'rewards/maze_vpo_reward/mean': 0.3336338996887207, 'rewards/maze_vpo_reward/std': 0.3910331726074219, 'reward': 0.3336338996887207, 'reward_std': 0.13530638813972473, 'frac_reward_zero_std': 0.5, 'kl': 0.009317331132479012, 'clip_ratio/low_mean': 0.0, 'clip_ratio/low_min': 0.0, 'clip_ratio/high_mean': 0.0, 'clip_ratio/high_max': 0.0, 'clip_ratio/region_mean': 0.0, 'epoch': 0.453125}
{'loss': -0.0579, 'grad_norm': 2.90625, 'learning_rate': 1e-06, 'num_tokens': 219390.0, 'completions/mean_length': 59.625, 'completions/min_length': 55.0, 'completions/max_length': 124.0, 'completions/clipped_ratio': 0.0, 'completions/mean_terminated_length': 59.625, 'completions/min_terminated_length': 55.0, 'completions/max_terminated_length': 124.0, 'rewards/maze_vpo_reward/mean': 0.39836886525154114, 'rewards/maze_vpo_reward/std': 0.41172754764556885, 'reward': 0.39836886525154114, 'reward_std': 0.01138514094054699, 'frac_reward_zero_std': 0.5, 'kl': 0.010342941852286458, 'clip_ratio/low_mean': 0.0, 'clip_ratio/low_min': 0.0, 'clip_ratio/high_mean': 0.0, 'clip_ratio/high_max': 0.0, 'clip_ratio/region_mean': 0.0, 'epoch': 0.46875}
{'train_runtime': 331.2579, 'train_samples_per_second': 1.449, 'train_steps_per_second': 0.091, 'train_loss': -0.0070626999089351255, 'epoch': 0.46875}
Evaluating AdamW VPO 30-step
`torch_dtype` is deprecated! Use `dtype` instead!
{
  "model": "outputs/min5_30_adam_vpo/checkpoint-30",
  "num_prompts": 16,
  "samples_per_prompt": 5,
  "mean_diversity": 0.7889285671569052,
  "mean_best_at_3": 0.22734374925494194,
  "mean_best_at_5": 0.3414062485098839,
  "mean_best_at_10": 0.4124999977648258,
  "mean_best_at_30": 0.4124999977648258,
  "prompts": [
    {
      "seed": 4242,
      "diversity": 0.0,
      "best_at_3": 0.0,
      "best_at_5": 0.0,
      "best_at_10": 0.0,
      "best_at_30": 0.0
    },
    {
      "seed": 4243,
      "diversity": 0.0,
      "best_at_3": 0.0,
      "best_at_5": 0.0,
      "best_at_10": 0.0,
      "best_at_30": 0.0
    },
    {
      "seed": 4244,
      "diversity": 1.5669841175987607,
      "best_at_3": 0.75,
      "best_at_5": 0.75,
      "best_at_10": 0.75,
      "best_at_30": 0.75
    },
    {
      "seed": 4245,
      "diversity": 0.0,
      "best_at_3": 0.0,
      "best_at_5": 0.0,
      "best_at_10": 0.0,
      "best_at_30": 0.0
    },
    {
      "seed": 4246,
      "diversity": 1.5333333378746397,
      "best_at_3": 0.75,
      "best_at_5": 0.75,
      "best_at_10": 0.75,
      "best_at_30": 0.75
    },
    {
      "seed": 4247,
      "diversity": 1.3409523691449847,
      "best_at_3": 0.699999988079071,
      "best_at_5": 0.699999988079071,
      "best_at_10": 0.699999988079071,
      "best_at_30": 0.699999988079071
    },
    {
      "seed": 4248,
      "diversity": 0.0,
      "best_at_3": 0.0,
      "best_at_5": 0.0,
      "best_at_10": 0.0,
      "best_at_30": 0.0
    },
    {
      "seed": 4249,
      "diversity": 0.0,
      "best_at_3": 0.0,
      "best_at_5": 0.0,
      "best_at_10": 0.0,
      "best_at_30": 0.0
    },
    {
      "seed": 4250,
      "diversity": 0.8685714210782732,
      "best_at_3": 0.0,
      "best_at_5": 0.0,
      "best_at_10": 0.75,
      "best_at_30": 0.75
    },
    {
      "seed": 4251,
      "diversity": 1.588571412222726,
      "best_at_3": 0.75,
      "best_at_5": 0.75,
      "best_at_10": 0.75,
      "best_at_30": 0.75
    },
    {
      "seed": 4252,
      "diversity": 0.0,
      "best_at_3": 0.0,
      "best_at_5": 0.0,
      "best_at_10": 0.0,
      "best_at_30": 0.0
    },
    {
      "seed": 4253,
      "diversity": 1.561904761904762,
      "best_at_3": 0.0,
      "best_at_5": 0.75,
      "best_at_10": 0.75,
      "best_at_30": 0.75
    },
    {
      "seed": 4254,
      "diversity": 1.5599999881926037,
      "best_at_3": 0.0,
      "best_at_5": 0.375,
      "best_at_10": 0.75,
      "best_at_30": 0.75
    },
    {
      "seed": 4255,
      "diversity": 0.0,
      "best_at_3": 0.0,
      "best_at_5": 0.0,
      "best_at_10": 0.0,
      "best_at_30": 0.0
    },
    {
      "seed": 4256,
      "diversity": 1.1377777735392252,
      "best_at_3": 0.0,
      "best_at_5": 0.699999988079071,
      "best_at_10": 0.699999988079071,
      "best_at_30": 0.699999988079071
    },
    {
      "seed": 4257,
      "diversity": 1.4647618929545085,
      "best_at_3": 0.6875,
      "best_at_5": 0.6875,
      "best_at_10": 0.699999988079071,
      "best_at_30": 0.699999988079071
    }
  ]
}
Summary
adam_multirlvr: diversity=0.7210, best@30=0.4086, best@10=0.3656
adam_vpo: diversity=0.7889, best@30=0.4125, best@10=0.4125
muon_multirlvr: diversity=0.3622, best@30=0.3479, best@10=0.3440
