Running AdamW Multi-RLVR minimum run
The following values were not passed to `accelerate launch` and had defaults used instead:
	`--num_processes` was set to a value of `1`
	`--num_machines` was set to a value of `1`
	`--mixed_precision` was set to a value of `'no'`
	`--dynamo_backend` was set to a value of `'no'`
To avoid this warning pass in values for each of the problematic parameters or run `accelerate config`.
`torch_dtype` is deprecated! Use `dtype` instead!
Map:   0%|          | 0/128 [00:00<?, ? examples/s]Map: 100%|██████████| 128/128 [00:00<00:00, 4411.86 examples/s]
Map:   0%|          | 0/32 [00:00<?, ? examples/s]Map: 100%|██████████| 32/32 [00:00<00:00, 5355.21 examples/s]
The tokenizer has new PAD/BOS/EOS tokens that differ from the model config and generation config. The model config and generation config were aligned accordingly, being updated with the tokenizer's values. Updated tokens: {'bos_token_id': None, 'pad_token_id': 151643}.
`generation_config` default values have been modified to match model-specific defaults: {'temperature': 0.6, 'top_p': 0.95}. If this is not desired, please set these values explicitly.
{'loss': 0.0413, 'grad_norm': 13.8125, 'learning_rate': 1e-06, 'num_tokens': 7313.0, 'completions/mean_length': 60.0625, 'completions/min_length': 55.0, 'completions/max_length': 112.0, 'completions/clipped_ratio': 0.0, 'completions/mean_terminated_length': 60.0625, 'completions/min_terminated_length': 55.0, 'completions/max_terminated_length': 112.0, 'rewards/maze_multirlvr_reward/mean': 0.13124999403953552, 'rewards/maze_multirlvr_reward/std': 0.2821790277957916, 'reward': 0.13124999403953552, 'reward_std': 0.2857621908187866, 'frac_reward_zero_std': 0.0, 'kl': 0.000760642513341736, 'clip_ratio/low_mean': 0.0, 'clip_ratio/low_min': 0.0, 'clip_ratio/high_mean': 0.0, 'clip_ratio/high_max': 0.0, 'clip_ratio/region_mean': 0.0, 'epoch': 0.015625}
{'loss': 0.0046, 'grad_norm': 14.0625, 'learning_rate': 1e-06, 'num_tokens': 14549.0, 'completions/mean_length': 56.25, 'completions/min_length': 48.0, 'completions/max_length': 62.0, 'completions/clipped_ratio': 0.0, 'completions/mean_terminated_length': 56.25, 'completions/min_terminated_length': 48.0, 'completions/max_terminated_length': 62.0, 'rewards/maze_multirlvr_reward/mean': 0.2604166567325592, 'rewards/maze_multirlvr_reward/std': 0.34810999035835266, 'reward': 0.2604166865348816, 'reward_std': 0.3517654538154602, 'frac_reward_zero_std': 0.0, 'kl': 0.0008954116055974737, 'clip_ratio/low_mean': 0.0, 'clip_ratio/low_min': 0.0, 'clip_ratio/high_mean': 0.0, 'clip_ratio/high_max': 0.0, 'clip_ratio/region_mean': 0.0, 'epoch': 0.03125}
{'loss': -0.0031, 'grad_norm': 6.0, 'learning_rate': 1e-06, 'num_tokens': 21773.0, 'completions/mean_length': 55.5, 'completions/min_length': 49.0, 'completions/max_length': 58.0, 'completions/clipped_ratio': 0.0, 'completions/mean_terminated_length': 55.5, 'completions/min_terminated_length': 49.0, 'completions/max_terminated_length': 58.0, 'rewards/maze_multirlvr_reward/mean': 0.046875, 'rewards/maze_multirlvr_reward/std': 0.1875, 'reward': 0.046875, 'reward_std': 0.13258251547813416, 'frac_reward_zero_std': 0.5, 'kl': 0.0008143325248965994, 'clip_ratio/low_mean': 0.0, 'clip_ratio/low_min': 0.0, 'clip_ratio/high_mean': 0.0, 'clip_ratio/high_max': 0.0, 'clip_ratio/region_mean': 0.0, 'epoch': 0.046875}
{'loss': 0.0126, 'grad_norm': 7.9375, 'learning_rate': 1e-06, 'num_tokens': 29133.0, 'completions/mean_length': 65.5, 'completions/min_length': 55.0, 'completions/max_length': 144.0, 'completions/clipped_ratio': 0.0, 'completions/mean_terminated_length': 65.5, 'completions/min_terminated_length': 55.0, 'completions/max_terminated_length': 144.0, 'rewards/maze_multirlvr_reward/mean': 0.171875, 'rewards/maze_multirlvr_reward/std': 0.30745935440063477, 'reward': 0.171875, 'reward_std': 0.18374210596084595, 'frac_reward_zero_std': 0.5, 'kl': 0.0013421166222542524, 'clip_ratio/low_mean': 0.0, 'clip_ratio/low_min': 0.0, 'clip_ratio/high_mean': 0.0, 'clip_ratio/high_max': 0.0, 'clip_ratio/region_mean': 0.0, 'epoch': 0.0625}
{'loss': -0.0008, 'grad_norm': 6.53125, 'learning_rate': 1e-06, 'num_tokens': 36356.0, 'completions/mean_length': 55.4375, 'completions/min_length': 49.0, 'completions/max_length': 60.0, 'completions/clipped_ratio': 0.0, 'completions/mean_terminated_length': 55.4375, 'completions/min_terminated_length': 49.0, 'completions/max_terminated_length': 60.0, 'rewards/maze_multirlvr_reward/mean': 0.2679687440395355, 'rewards/maze_multirlvr_reward/std': 0.36078527569770813, 'reward': 0.2679687440395355, 'reward_std': 0.16940803825855255, 'frac_reward_zero_std': 0.5, 'kl': 0.0013313178205862641, 'clip_ratio/low_mean': 0.0, 'clip_ratio/low_min': 0.0, 'clip_ratio/high_mean': 0.0, 'clip_ratio/high_max': 0.0, 'clip_ratio/region_mean': 0.0, 'epoch': 0.078125}
{'loss': -0.0018, 'grad_norm': 5.96875, 'learning_rate': 1e-06, 'num_tokens': 43549.0, 'completions/mean_length': 54.0625, 'completions/min_length': 46.0, 'completions/max_length': 60.0, 'completions/clipped_ratio': 0.0, 'completions/mean_terminated_length': 54.0625, 'completions/min_terminated_length': 46.0, 'completions/max_terminated_length': 60.0, 'rewards/maze_multirlvr_reward/mean': 0.046875, 'rewards/maze_multirlvr_reward/std': 0.1875, 'reward': 0.046875, 'reward_std': 0.13258251547813416, 'frac_reward_zero_std': 0.5, 'kl': 0.0019893411663360894, 'clip_ratio/low_mean': 0.0, 'clip_ratio/low_min': 0.0, 'clip_ratio/high_mean': 0.0, 'clip_ratio/high_max': 0.0, 'clip_ratio/region_mean': 0.0, 'epoch': 0.09375}
{'loss': -0.0445, 'grad_norm': 5.5625, 'learning_rate': 1e-06, 'num_tokens': 50833.0, 'completions/mean_length': 59.75, 'completions/min_length': 55.0, 'completions/max_length': 113.0, 'completions/clipped_ratio': 0.0, 'completions/mean_terminated_length': 59.75, 'completions/min_terminated_length': 55.0, 'completions/max_terminated_length': 113.0, 'rewards/maze_multirlvr_reward/mean': 0.13046875596046448, 'rewards/maze_multirlvr_reward/std': 0.2805117666721344, 'reward': 0.13046875596046448, 'reward_std': 0.1800743043422699, 'frac_reward_zero_std': 0.5, 'kl': 0.002668305503902957, 'clip_ratio/low_mean': 0.0, 'clip_ratio/low_min': 0.0, 'clip_ratio/high_mean': 0.0, 'clip_ratio/high_max': 0.0, 'clip_ratio/region_mean': 0.0, 'epoch': 0.109375}
{'loss': 0.0067, 'grad_norm': 6.75, 'learning_rate': 1e-06, 'num_tokens': 58067.0, 'completions/mean_length': 56.125, 'completions/min_length': 53.0, 'completions/max_length': 60.0, 'completions/clipped_ratio': 0.0, 'completions/mean_terminated_length': 56.125, 'completions/min_terminated_length': 53.0, 'completions/max_terminated_length': 60.0, 'rewards/maze_multirlvr_reward/mean': 0.1770833432674408, 'rewards/maze_multirlvr_reward/std': 0.31750619411468506, 'reward': 0.1770833432674408, 'reward_std': 0.18996398150920868, 'frac_reward_zero_std': 0.5, 'kl': 0.0034676279174163938, 'clip_ratio/low_mean': 0.0, 'clip_ratio/low_min': 0.0, 'clip_ratio/high_mean': 0.0, 'clip_ratio/high_max': 0.0, 'clip_ratio/region_mean': 0.0, 'epoch': 0.125}
{'loss': -0.0161, 'grad_norm': 6.21875, 'learning_rate': 1e-06, 'num_tokens': 65414.0, 'completions/mean_length': 63.6875, 'completions/min_length': 55.0, 'completions/max_length': 127.0, 'completions/clipped_ratio': 0.0, 'completions/mean_terminated_length': 63.6875, 'completions/min_terminated_length': 55.0, 'completions/max_terminated_length': 127.0, 'rewards/maze_multirlvr_reward/mean': 0.3062499761581421, 'rewards/maze_multirlvr_reward/std': 0.3586432933807373, 'reward': 0.3062499761581421, 'reward_std': 0.1237436830997467, 'frac_reward_zero_std': 0.5, 'kl': 0.003945221076719463, 'clip_ratio/low_mean': 0.0, 'clip_ratio/low_min': 0.0, 'clip_ratio/high_mean': 0.0, 'clip_ratio/high_max': 0.0, 'clip_ratio/region_mean': 0.0, 'epoch': 0.140625}
{'loss': 0.0, 'grad_norm': 0.008544921875, 'learning_rate': 1e-06, 'num_tokens': 72717.0, 'completions/mean_length': 59.9375, 'completions/min_length': 47.0, 'completions/max_length': 135.0, 'completions/clipped_ratio': 0.0, 'completions/mean_terminated_length': 59.9375, 'completions/min_terminated_length': 47.0, 'completions/max_terminated_length': 135.0, 'rewards/maze_multirlvr_reward/mean': 0.0, 'rewards/maze_multirlvr_reward/std': 0.0, 'reward': 0.0, 'reward_std': 0.0, 'frac_reward_zero_std': 1.0, 'kl': 0.005246542510576546, 'clip_ratio/low_mean': 0.0, 'clip_ratio/low_min': 0.0, 'clip_ratio/high_mean': 0.0, 'clip_ratio/high_max': 0.0, 'clip_ratio/region_mean': 0.0, 'epoch': 0.15625}
{'train_runtime': 141.1319, 'train_samples_per_second': 1.134, 'train_steps_per_second': 0.071, 'train_loss': -0.00011919518628928927, 'epoch': 0.15625}
Running Muon Multi-RLVR minimum run
The following values were not passed to `accelerate launch` and had defaults used instead:
	`--num_processes` was set to a value of `1`
	`--num_machines` was set to a value of `1`
	`--mixed_precision` was set to a value of `'no'`
	`--dynamo_backend` was set to a value of `'no'`
To avoid this warning pass in values for each of the problematic parameters or run `accelerate config`.
`torch_dtype` is deprecated! Use `dtype` instead!
Map:   0%|          | 0/128 [00:00<?, ? examples/s]Map: 100%|██████████| 128/128 [00:00<00:00, 4236.84 examples/s]
Map:   0%|          | 0/32 [00:00<?, ? examples/s]Map: 100%|██████████| 32/32 [00:00<00:00, 4970.84 examples/s]
The tokenizer has new PAD/BOS/EOS tokens that differ from the model config and generation config. The model config and generation config were aligned accordingly, being updated with the tokenizer's values. Updated tokens: {'bos_token_id': None, 'pad_token_id': 151643}.
`generation_config` default values have been modified to match model-specific defaults: {'temperature': 0.6, 'top_p': 0.95}. If this is not desired, please set these values explicitly.
{'loss': -0.0463, 'grad_norm': 14.6875, 'learning_rate': 1e-06, 'num_tokens': 7307.0, 'completions/mean_length': 59.6875, 'completions/min_length': 55.0, 'completions/max_length': 107.0, 'completions/clipped_ratio': 0.0, 'completions/mean_terminated_length': 59.6875, 'completions/min_terminated_length': 55.0, 'completions/max_terminated_length': 107.0, 'rewards/maze_multirlvr_reward/mean': 0.17812499403953552, 'rewards/maze_multirlvr_reward/std': 0.3188357651233673, 'reward': 0.17812499403953552, 'reward_std': 0.3299563527107239, 'frac_reward_zero_std': 0.0, 'kl': 0.0007560862650279887, 'clip_ratio/low_mean': 0.0, 'clip_ratio/low_min': 0.0, 'clip_ratio/high_mean': 0.0, 'clip_ratio/high_max': 0.0, 'clip_ratio/region_mean': 0.0, 'epoch': 0.015625}
{'loss': 0.0129, 'grad_norm': 14.75, 'learning_rate': 1e-06, 'num_tokens': 14543.0, 'completions/mean_length': 56.25, 'completions/min_length': 49.0, 'completions/max_length': 60.0, 'completions/clipped_ratio': 0.0, 'completions/mean_terminated_length': 56.25, 'completions/min_terminated_length': 49.0, 'completions/max_terminated_length': 60.0, 'rewards/maze_multirlvr_reward/mean': 0.1354166716337204, 'rewards/maze_multirlvr_reward/std': 0.2916666567325592, 'reward': 0.1354166716337204, 'reward_std': 0.2914423942565918, 'frac_reward_zero_std': 0.0, 'kl': 0.0005231321192695759, 'clip_ratio/low_mean': 0.0, 'clip_ratio/low_min': 0.0, 'clip_ratio/high_mean': 0.0, 'clip_ratio/high_max': 0.0, 'clip_ratio/region_mean': 0.0, 'epoch': 0.03125}
{'loss': 0.01, 'grad_norm': 10.125, 'learning_rate': 1e-06, 'num_tokens': 21790.0, 'completions/mean_length': 56.9375, 'completions/min_length': 54.0, 'completions/max_length': 62.0, 'completions/clipped_ratio': 0.0, 'completions/mean_terminated_length': 56.9375, 'completions/min_terminated_length': 54.0, 'completions/max_terminated_length': 62.0, 'rewards/maze_multirlvr_reward/mean': 0.0885416716337204, 'rewards/maze_multirlvr_reward/std': 0.2424197942018509, 'reward': 0.0885416716337204, 'reward_std': 0.25043365359306335, 'frac_reward_zero_std': 0.0, 'kl': 0.0006264878829824738, 'clip_ratio/low_mean': 0.0, 'clip_ratio/low_min': 0.0, 'clip_ratio/high_mean': 0.0, 'clip_ratio/high_max': 0.0, 'clip_ratio/region_mean': 0.0, 'epoch': 0.046875}
{'loss': -0.0035, 'grad_norm': 5.15625, 'learning_rate': 1e-06, 'num_tokens': 29012.0, 'completions/mean_length': 56.875, 'completions/min_length': 55.0, 'completions/max_length': 59.0, 'completions/clipped_ratio': 0.0, 'completions/mean_terminated_length': 56.875, 'completions/min_terminated_length': 55.0, 'completions/max_terminated_length': 59.0, 'rewards/maze_multirlvr_reward/mean': 0.0416666679084301, 'rewards/maze_multirlvr_reward/std': 0.1666666716337204, 'reward': 0.0416666679084301, 'reward_std': 0.1178511381149292, 'frac_reward_zero_std': 0.5, 'kl': 0.0004314526740927249, 'clip_ratio/low_mean': 0.0, 'clip_ratio/low_min': 0.0, 'clip_ratio/high_mean': 0.0, 'clip_ratio/high_max': 0.0, 'clip_ratio/region_mean': 0.0, 'epoch': 0.0625}
{'loss': 0.0075, 'grad_norm': 7.5625, 'learning_rate': 1e-06, 'num_tokens': 36251.0, 'completions/mean_length': 56.4375, 'completions/min_length': 49.0, 'completions/max_length': 61.0, 'completions/clipped_ratio': 0.0, 'completions/mean_terminated_length': 56.4375, 'completions/min_terminated_length': 49.0, 'completions/max_terminated_length': 61.0, 'rewards/maze_multirlvr_reward/mean': 0.11328125, 'rewards/maze_multirlvr_reward/std': 0.2604270875453949, 'reward': 0.11328125, 'reward_std': 0.1702950894832611, 'frac_reward_zero_std': 0.5, 'kl': 0.00046774536167504266, 'clip_ratio/low_mean': 0.0, 'clip_ratio/low_min': 0.0, 'clip_ratio/high_mean': 0.0, 'clip_ratio/high_max': 0.0, 'clip_ratio/region_mean': 0.0, 'epoch': 0.078125}
{'loss': -0.0755, 'grad_norm': 7.5625, 'learning_rate': 1e-06, 'num_tokens': 43541.0, 'completions/mean_length': 60.125, 'completions/min_length': 54.0, 'completions/max_length': 122.0, 'completions/clipped_ratio': 0.0, 'completions/mean_terminated_length': 60.125, 'completions/min_terminated_length': 54.0, 'completions/max_terminated_length': 122.0, 'rewards/maze_multirlvr_reward/mean': 0.09375, 'rewards/maze_multirlvr_reward/std': 0.2561737895011902, 'reward': 0.09375, 'reward_std': 0.1735912710428238, 'frac_reward_zero_std': 0.5, 'kl': 0.00040123484359355643, 'clip_ratio/low_mean': 0.0, 'clip_ratio/low_min': 0.0, 'clip_ratio/high_mean': 0.0, 'clip_ratio/high_max': 0.0, 'clip_ratio/region_mean': 0.0, 'epoch': 0.09375}
{'loss': -0.0408, 'grad_norm': 6.65625, 'learning_rate': 1e-06, 'num_tokens': 50914.0, 'completions/mean_length': 65.3125, 'completions/min_length': 55.0, 'completions/max_length': 152.0, 'completions/clipped_ratio': 0.0, 'completions/mean_terminated_length': 65.3125, 'completions/min_terminated_length': 55.0, 'completions/max_terminated_length': 152.0, 'rewards/maze_multirlvr_reward/mean': 0.08749999850988388, 'rewards/maze_multirlvr_reward/std': 0.2390955090522766, 'reward': 0.08749999850988388, 'reward_std': 0.16201850771903992, 'frac_reward_zero_std': 0.5, 'kl': 0.00035909418875235133, 'clip_ratio/low_mean': 0.0, 'clip_ratio/low_min': 0.0, 'clip_ratio/high_mean': 0.0, 'clip_ratio/high_max': 0.0, 'clip_ratio/region_mean': 0.0, 'epoch': 0.109375}
{'loss': -0.013, 'grad_norm': 7.25, 'learning_rate': 1e-06, 'num_tokens': 58344.0, 'completions/mean_length': 68.375, 'completions/min_length': 48.0, 'completions/max_length': 197.0, 'completions/clipped_ratio': 0.0, 'completions/mean_terminated_length': 68.375, 'completions/min_terminated_length': 48.0, 'completions/max_terminated_length': 197.0, 'rewards/maze_multirlvr_reward/mean': 0.2187500149011612, 'rewards/maze_multirlvr_reward/std': 0.33592742681503296, 'reward': 0.2187500149011612, 'reward_std': 0.18196186423301697, 'frac_reward_zero_std': 0.5, 'kl': 0.0004253482802596409, 'clip_ratio/low_mean': 0.0, 'clip_ratio/low_min': 0.0, 'clip_ratio/high_mean': 0.0, 'clip_ratio/high_max': 0.0, 'clip_ratio/region_mean': 0.0, 'epoch': 0.125}
{'loss': 0.0082, 'grad_norm': 8.1875, 'learning_rate': 1e-06, 'num_tokens': 65573.0, 'completions/mean_length': 56.3125, 'completions/min_length': 54.0, 'completions/max_length': 59.0, 'completions/clipped_ratio': 0.0, 'completions/mean_terminated_length': 56.3125, 'completions/min_terminated_length': 54.0, 'completions/max_terminated_length': 59.0, 'rewards/maze_multirlvr_reward/mean': 0.08749999850988388, 'rewards/maze_multirlvr_reward/std': 0.2390955090522766, 'reward': 0.08749999850988388, 'reward_std': 0.16201850771903992, 'frac_reward_zero_std': 0.5, 'kl': 0.0004798423469765112, 'clip_ratio/low_mean': 0.0, 'clip_ratio/low_min': 0.0, 'clip_ratio/high_mean': 0.0, 'clip_ratio/high_max': 0.0, 'clip_ratio/region_mean': 0.0, 'epoch': 0.140625}
{'loss': 0.0, 'grad_norm': 0.000652313232421875, 'learning_rate': 1e-06, 'num_tokens': 72792.0, 'completions/mean_length': 54.6875, 'completions/min_length': 49.0, 'completions/max_length': 59.0, 'completions/clipped_ratio': 0.0, 'completions/mean_terminated_length': 54.6875, 'completions/min_terminated_length': 49.0, 'completions/max_terminated_length': 59.0, 'rewards/maze_multirlvr_reward/mean': 0.0, 'rewards/maze_multirlvr_reward/std': 0.0, 'reward': 0.0, 'reward_std': 0.0, 'frac_reward_zero_std': 1.0, 'kl': 0.0004003403810202144, 'clip_ratio/low_mean': 0.0, 'clip_ratio/low_min': 0.0, 'clip_ratio/high_mean': 0.0, 'clip_ratio/high_max': 0.0, 'clip_ratio/region_mean': 0.0, 'epoch': 0.15625}
{'train_runtime': 176.448, 'train_samples_per_second': 0.907, 'train_steps_per_second': 0.057, 'train_loss': -0.014053801273720978, 'epoch': 0.15625}
Running AdamW VPO minimum positive control
The following values were not passed to `accelerate launch` and had defaults used instead:
	`--num_processes` was set to a value of `1`
	`--num_machines` was set to a value of `1`
	`--mixed_precision` was set to a value of `'no'`
	`--dynamo_backend` was set to a value of `'no'`
To avoid this warning pass in values for each of the problematic parameters or run `accelerate config`.
`torch_dtype` is deprecated! Use `dtype` instead!
Map:   0%|          | 0/128 [00:00<?, ? examples/s]Map: 100%|██████████| 128/128 [00:00<00:00, 4164.60 examples/s]
Map:   0%|          | 0/32 [00:00<?, ? examples/s]Map: 100%|██████████| 32/32 [00:00<00:00, 4631.71 examples/s]
The tokenizer has new PAD/BOS/EOS tokens that differ from the model config and generation config. The model config and generation config were aligned accordingly, being updated with the tokenizer's values. Updated tokens: {'bos_token_id': None, 'pad_token_id': 151643}.
`generation_config` default values have been modified to match model-specific defaults: {'temperature': 0.6, 'top_p': 0.95}. If this is not desired, please set these values explicitly.
{'loss': -0.0914, 'grad_norm': 13.875, 'learning_rate': 1e-06, 'num_tokens': 7308.0, 'completions/mean_length': 59.75, 'completions/min_length': 55.0, 'completions/max_length': 107.0, 'completions/clipped_ratio': 0.0, 'completions/mean_terminated_length': 59.75, 'completions/min_terminated_length': 55.0, 'completions/max_terminated_length': 107.0, 'rewards/maze_vpo_reward/mean': 0.1512051522731781, 'rewards/maze_vpo_reward/std': 0.32538264989852905, 'reward': 0.1512051522731781, 'reward_std': 0.3319075405597687, 'frac_reward_zero_std': 0.0, 'kl': 0.0007586634819745086, 'clip_ratio/low_mean': 0.0, 'clip_ratio/low_min': 0.0, 'clip_ratio/high_mean': 0.0, 'clip_ratio/high_max': 0.0, 'clip_ratio/region_mean': 0.0, 'epoch': 0.015625}
{'loss': 0.0127, 'grad_norm': 14.0625, 'learning_rate': 1e-06, 'num_tokens': 14548.0, 'completions/mean_length': 56.5, 'completions/min_length': 49.0, 'completions/max_length': 61.0, 'completions/clipped_ratio': 0.0, 'completions/mean_terminated_length': 56.5, 'completions/min_terminated_length': 49.0, 'completions/max_terminated_length': 61.0, 'rewards/maze_vpo_reward/mean': 0.1407666802406311, 'rewards/maze_vpo_reward/std': 0.3027510643005371, 'reward': 0.1407666802406311, 'reward_std': 0.30713310837745667, 'frac_reward_zero_std': 0.0, 'kl': 0.0006102008192101493, 'clip_ratio/low_mean': 0.0, 'clip_ratio/low_min': 0.0, 'clip_ratio/high_mean': 0.0, 'clip_ratio/high_max': 0.0, 'clip_ratio/region_mean': 0.0, 'epoch': 0.03125}
{'loss': 0.0033, 'grad_norm': 6.875, 'learning_rate': 1e-06, 'num_tokens': 21786.0, 'completions/mean_length': 56.375, 'completions/min_length': 55.0, 'completions/max_length': 60.0, 'completions/clipped_ratio': 0.0, 'completions/mean_terminated_length': 56.375, 'completions/min_terminated_length': 55.0, 'completions/max_terminated_length': 60.0, 'rewards/maze_vpo_reward/mean': 0.056901056319475174, 'rewards/maze_vpo_reward/std': 0.2276042252779007, 'reward': 0.056901056319475174, 'reward_std': 0.160940483212471, 'frac_reward_zero_std': 0.5, 'kl': 0.0008663633634569123, 'clip_ratio/low_mean': 0.0, 'clip_ratio/low_min': 0.0, 'clip_ratio/high_mean': 0.0, 'clip_ratio/high_max': 0.0, 'clip_ratio/region_mean': 0.0, 'epoch': 0.046875}
{'loss': -0.1967, 'grad_norm': 8.375, 'learning_rate': 1e-06, 'num_tokens': 29217.0, 'completions/mean_length': 69.9375, 'completions/min_length': 48.0, 'completions/max_length': 185.0, 'completions/clipped_ratio': 0.0, 'completions/mean_terminated_length': 69.9375, 'completions/min_terminated_length': 48.0, 'completions/max_terminated_length': 185.0, 'rewards/maze_vpo_reward/mean': 0.1325298547744751, 'rewards/maze_vpo_reward/std': 0.2865241765975952, 'reward': 0.1325298547744751, 'reward_std': 0.1842373013496399, 'frac_reward_zero_std': 0.5, 'kl': 0.0012871569051640108, 'clip_ratio/low_mean': 0.0, 'clip_ratio/low_min': 0.0, 'clip_ratio/high_mean': 0.0, 'clip_ratio/high_max': 0.0, 'clip_ratio/region_mean': 0.0, 'epoch': 0.0625}
{'loss': 0.0019, 'grad_norm': 6.15625, 'learning_rate': 1e-06, 'num_tokens': 36442.0, 'completions/mean_length': 55.5625, 'completions/min_length': 54.0, 'completions/max_length': 59.0, 'completions/clipped_ratio': 0.0, 'completions/mean_terminated_length': 55.5625, 'completions/min_terminated_length': 54.0, 'completions/max_terminated_length': 59.0, 'rewards/maze_vpo_reward/mean': 0.367032915353775, 'rewards/maze_vpo_reward/std': 0.4300982654094696, 'reward': 0.367032915353775, 'reward_std': 0.14872755110263824, 'frac_reward_zero_std': 0.5, 'kl': 0.0015542569453828037, 'clip_ratio/low_mean': 0.0, 'clip_ratio/low_min': 0.0, 'clip_ratio/high_mean': 0.0, 'clip_ratio/high_max': 0.0, 'clip_ratio/region_mean': 0.0, 'epoch': 0.078125}
{'loss': 0.0076, 'grad_norm': 9.75, 'learning_rate': 1e-06, 'num_tokens': 43658.0, 'completions/mean_length': 55.5, 'completions/min_length': 55.0, 'completions/max_length': 58.0, 'completions/clipped_ratio': 0.0, 'completions/mean_terminated_length': 55.5, 'completions/min_terminated_length': 55.0, 'completions/max_terminated_length': 58.0, 'rewards/maze_vpo_reward/mean': 0.27262166142463684, 'rewards/maze_vpo_reward/std': 0.4178440272808075, 'reward': 0.27262166142463684, 'reward_std': 0.225969597697258, 'frac_reward_zero_std': 0.5, 'kl': 0.002307175687747076, 'clip_ratio/low_mean': 0.0, 'clip_ratio/low_min': 0.0, 'clip_ratio/high_mean': 0.0, 'clip_ratio/high_max': 0.0, 'clip_ratio/region_mean': 0.0, 'epoch': 0.09375}
{'loss': -0.0057, 'grad_norm': 9.5625, 'learning_rate': 1e-06, 'num_tokens': 50870.0, 'completions/mean_length': 55.25, 'completions/min_length': 48.0, 'completions/max_length': 60.0, 'completions/clipped_ratio': 0.0, 'completions/mean_terminated_length': 55.25, 'completions/min_terminated_length': 48.0, 'completions/max_terminated_length': 60.0, 'rewards/maze_vpo_reward/mean': 0.176609605550766, 'rewards/maze_vpo_reward/std': 0.3317514657974243, 'reward': 0.176609605550766, 'reward_std': 0.20282205939292908, 'frac_reward_zero_std': 0.5, 'kl': 0.0024427803582511842, 'clip_ratio/low_mean': 0.0, 'clip_ratio/low_min': 0.0, 'clip_ratio/high_mean': 0.0, 'clip_ratio/high_max': 0.0, 'clip_ratio/region_mean': 0.0, 'epoch': 0.109375}
{'loss': -0.0087, 'grad_norm': 7.46875, 'learning_rate': 1e-06, 'num_tokens': 58167.0, 'completions/mean_length': 60.0625, 'completions/min_length': 49.0, 'completions/max_length': 128.0, 'completions/clipped_ratio': 0.0, 'completions/mean_terminated_length': 60.0625, 'completions/min_terminated_length': 49.0, 'completions/max_terminated_length': 128.0, 'rewards/maze_vpo_reward/mean': 0.3514760136604309, 'rewards/maze_vpo_reward/std': 0.4130915403366089, 'reward': 0.3514760136604309, 'reward_std': 0.14430905878543854, 'frac_reward_zero_std': 0.5, 'kl': 0.003200473845936358, 'clip_ratio/low_mean': 0.0, 'clip_ratio/low_min': 0.0, 'clip_ratio/high_mean': 0.0, 'clip_ratio/high_max': 0.0, 'clip_ratio/region_mean': 0.0, 'epoch': 0.125}
{'loss': 0.0396, 'grad_norm': 8.0, 'learning_rate': 1e-06, 'num_tokens': 65523.0, 'completions/mean_length': 64.25, 'completions/min_length': 55.0, 'completions/max_length': 128.0, 'completions/clipped_ratio': 0.0, 'completions/mean_terminated_length': 64.25, 'completions/min_terminated_length': 55.0, 'completions/max_terminated_length': 128.0, 'rewards/maze_vpo_reward/mean': 0.2519761323928833, 'rewards/maze_vpo_reward/std': 0.3860594630241394, 'reward': 0.2519761323928833, 'reward_std': 0.20871689915657043, 'frac_reward_zero_std': 0.5, 'kl': 0.0032588260364718735, 'clip_ratio/low_mean': 0.0, 'clip_ratio/low_min': 0.0, 'clip_ratio/high_mean': 0.0, 'clip_ratio/high_max': 0.0, 'clip_ratio/region_mean': 0.0, 'epoch': 0.140625}
{'loss': 0.0, 'grad_norm': 0.00836181640625, 'learning_rate': 1e-06, 'num_tokens': 72764.0, 'completions/mean_length': 56.0625, 'completions/min_length': 55.0, 'completions/max_length': 62.0, 'completions/clipped_ratio': 0.0, 'completions/mean_terminated_length': 56.0625, 'completions/min_terminated_length': 55.0, 'completions/max_terminated_length': 62.0, 'rewards/maze_vpo_reward/mean': 0.0, 'rewards/maze_vpo_reward/std': 0.0, 'reward': 0.0, 'reward_std': 0.0, 'frac_reward_zero_std': 1.0, 'kl': 0.005401641014032066, 'clip_ratio/low_mean': 0.0, 'clip_ratio/low_min': 0.0, 'clip_ratio/high_mean': 0.0, 'clip_ratio/high_max': 0.0, 'clip_ratio/region_mean': 0.0, 'epoch': 0.15625}
{'train_runtime': 162.4134, 'train_samples_per_second': 0.985, 'train_steps_per_second': 0.062, 'train_loss': -0.023737219537770214, 'epoch': 0.15625}
Evaluating AdamW Multi-RLVR
`torch_dtype` is deprecated! Use `dtype` instead!
{
  "model": "outputs/min5_adam_multirlvr/checkpoint-10",
  "num_prompts": 16,
  "samples_per_prompt": 5,
  "mean_diversity": 0.695357141253494,
  "mean_best_at_3": 0.252083333209157,
  "mean_best_at_5": 0.2749999985098839,
  "mean_best_at_10": 0.3648437485098839,
  "mean_best_at_30": 0.4124999977648258,
  "prompts": [
    {
      "seed": 4242,
      "diversity": 0.0,
      "best_at_3": 0.0,
      "best_at_5": 0.0,
      "best_at_10": 0.0,
      "best_at_30": 0.0
    },
    {
      "seed": 4243,
      "diversity": 0.0,
      "best_at_3": 0.0,
      "best_at_5": 0.0,
      "best_at_10": 0.0,
      "best_at_30": 0.0
    },
    {
      "seed": 4244,
      "diversity": 1.1415872993923368,
      "best_at_3": 0.0,
      "best_at_5": 0.0,
      "best_at_10": 0.75,
      "best_at_30": 0.75
    },
    {
      "seed": 4245,
      "diversity": 0.0,
      "best_at_3": 0.0,
      "best_at_5": 0.0,
      "best_at_10": 0.0,
      "best_at_30": 0.0
    },
    {
      "seed": 4246,
      "diversity": 1.6971428575969878,
      "best_at_3": 0.75,
      "best_at_5": 0.75,
      "best_at_10": 0.75,
      "best_at_30": 0.75
    },
    {
      "seed": 4247,
      "diversity": 0.8209523745945522,
      "best_at_3": 0.0,
      "best_at_5": 0.0,
      "best_at_10": 0.6875,
      "best_at_30": 0.699999988079071
    },
    {
      "seed": 4248,
      "diversity": 0.0,
      "best_at_3": 0.0,
      "best_at_5": 0.0,
      "best_at_10": 0.0,
      "best_at_30": 0.0
    },
    {
      "seed": 4249,
      "diversity": 0.0,
      "best_at_3": 0.0,
      "best_at_5": 0.0,
      "best_at_10": 0.0,
      "best_at_30": 0.0
    },
    {
      "seed": 4250,
      "diversity": 1.554285717010498,
      "best_at_3": 0.75,
      "best_at_5": 0.75,
      "best_at_10": 0.75,
      "best_at_30": 0.75
    },
    {
      "seed": 4251,
      "diversity": 0.5714285714285714,
      "best_at_3": 0.0,
      "best_at_5": 0.0,
      "best_at_10": 0.0,
      "best_at_30": 0.75
    },
    {
      "seed": 4252,
      "diversity": 0.0,
      "best_at_3": 0.0,
      "best_at_5": 0.0,
      "best_at_10": 0.0,
      "best_at_30": 0.0
    },
    {
      "seed": 4253,
      "diversity": 1.3428571428571427,
      "best_at_3": 0.75,
      "best_at_5": 0.75,
      "best_at_10": 0.75,
      "best_at_30": 0.75
    },
    {
      "seed": 4254,
      "diversity": 1.4266666548592704,
      "best_at_3": 0.75,
      "best_at_5": 0.75,
      "best_at_10": 0.75,
      "best_at_30": 0.75
    },
    {
      "seed": 4255,
      "diversity": 0.0,
      "best_at_3": 0.0,
      "best_at_5": 0.0,
      "best_at_10": 0.0,
      "best_at_30": 0.0
    },
    {
      "seed": 4256,
      "diversity": 0.9980952421824137,
      "best_at_3": 0.3333333432674408,
      "best_at_5": 0.699999988079071,
      "best_at_10": 0.699999988079071,
      "best_at_30": 0.699999988079071
    },
    {
      "seed": 4257,
      "diversity": 1.572698400134132,
      "best_at_3": 0.699999988079071,
      "best_at_5": 0.699999988079071,
      "best_at_10": 0.699999988079071,
      "best_at_30": 0.699999988079071
    }
  ]
}
Evaluating Muon Multi-RLVR
`torch_dtype` is deprecated! Use `dtype` instead!
{
  "model": "outputs/min5_muon_multirlvr/checkpoint-10",
  "num_prompts": 16,
  "samples_per_prompt": 5,
  "mean_diversity": 0.3627579347008751,
  "mean_best_at_3": 0.13749999925494194,
  "mean_best_at_5": 0.18437499925494194,
  "mean_best_at_10": 0.36249999701976776,
  "mean_best_at_30": 0.36249999701976776,
  "prompts": [
    {
      "seed": 4242,
      "diversity": 0.0,
      "best_at_3": 0.0,
      "best_at_5": 0.0,
      "best_at_10": 0.0,
      "best_at_30": 0.0
    },
    {
      "seed": 4243,
      "diversity": 0.0,
      "best_at_3": 0.0,
      "best_at_5": 0.0,
      "best_at_10": 0.0,
      "best_at_30": 0.0
    },
    {
      "seed": 4244,
      "diversity": 0.8622222207841419,
      "best_at_3": 0.75,
      "best_at_5": 0.75,
      "best_at_10": 0.75,
      "best_at_30": 0.75
    },
    {
      "seed": 4245,
      "diversity": 0.0,
      "best_at_3": 0.0,
      "best_at_5": 0.0,
      "best_at_10": 0.0,
      "best_at_30": 0.0
    },
    {
      "seed": 4246,
      "diversity": 1.3619047596341087,
      "best_at_3": 0.0,
      "best_at_5": 0.75,
      "best_at_10": 0.75,
      "best_at_30": 0.75
    },
    {
      "seed": 4247,
      "diversity": 0.8209523745945522,
      "best_at_3": 0.0,
      "best_at_5": 0.0,
      "best_at_10": 0.699999988079071,
      "best_at_30": 0.699999988079071
    },
    {
      "seed": 4248,
      "diversity": 0.0,
      "best_at_3": 0.0,
      "best_at_5": 0.0,
      "best_at_10": 0.0,
      "best_at_30": 0.0
    },
    {
      "seed": 4249,
      "diversity": 0.0,
      "best_at_3": 0.0,
      "best_at_5": 0.0,
      "best_at_10": 0.0,
      "best_at_30": 0.0
    },
    {
      "seed": 4250,
      "diversity": 0.0,
      "best_at_3": 0.0,
      "best_at_5": 0.0,
      "best_at_10": 0.0,
      "best_at_30": 0.0
    },
    {
      "seed": 4251,
      "diversity": 0.37333332697550453,
      "best_at_3": 0.0,
      "best_at_5": 0.0,
      "best_at_10": 0.699999988079071,
      "best_at_30": 0.699999988079071
    },
    {
      "seed": 4252,
      "diversity": 0.0,
      "best_at_3": 0.0,
      "best_at_5": 0.0,
      "best_at_10": 0.0,
      "best_at_30": 0.0
    },
    {
      "seed": 4253,
      "diversity": 0.4,
      "best_at_3": 0.0,
      "best_at_5": 0.0,
      "best_at_10": 0.75,
      "best_at_30": 0.75
    },
    {
      "seed": 4254,
      "diversity": 0.4,
      "best_at_3": 0.75,
      "best_at_5": 0.75,
      "best_at_10": 0.75,
      "best_at_30": 0.75
    },
    {
      "seed": 4255,
      "diversity": 0.0,
      "best_at_3": 0.0,
      "best_at_5": 0.0,
      "best_at_10": 0.0,
      "best_at_30": 0.0
    },
    {
      "seed": 4256,
      "diversity": 0.5257142850330898,
      "best_at_3": 0.0,
      "best_at_5": 0.0,
      "best_at_10": 0.699999988079071,
      "best_at_30": 0.699999988079071
    },
    {
      "seed": 4257,
      "diversity": 1.0599999881926037,
      "best_at_3": 0.699999988079071,
      "best_at_5": 0.699999988079071,
      "best_at_10": 0.699999988079071,
      "best_at_30": 0.699999988079071
    }
  ]
}
Evaluating AdamW VPO
`torch_dtype` is deprecated! Use `dtype` instead!
{
  "model": "outputs/min5_adam_vpo/checkpoint-10",
  "num_prompts": 16,
  "samples_per_prompt": 5,
  "mean_diversity": 0.7373412643160139,
  "mean_best_at_3": 0.22499999776482582,
  "mean_best_at_5": 0.3187499977648258,
  "mean_best_at_10": 0.4124999977648258,
  "mean_best_at_30": 0.4124999977648258,
  "prompts": [
    {
      "seed": 4242,
      "diversity": 0.0,
      "best_at_3": 0.0,
      "best_at_5": 0.0,
      "best_at_10": 0.0,
      "best_at_30": 0.0
    },
    {
      "seed": 4243,
      "diversity": 0.0,
      "best_at_3": 0.0,
      "best_at_5": 0.0,
      "best_at_10": 0.0,
      "best_at_30": 0.0
    },
    {
      "seed": 4244,
      "diversity": 1.5504761832101004,
      "best_at_3": 0.0,
      "best_at_5": 0.75,
      "best_at_10": 0.75,
      "best_at_30": 0.75
    },
    {
      "seed": 4245,
      "diversity": 0.0,
      "best_at_3": 0.0,
      "best_at_5": 0.0,
      "best_at_10": 0.0,
      "best_at_30": 0.0
    },
    {
      "seed": 4246,
      "diversity": 0.8619047596341087,
      "best_at_3": 0.0,
      "best_at_5": 0.0,
      "best_at_10": 0.75,
      "best_at_30": 0.75
    },
    {
      "seed": 4247,
      "diversity": 1.0790476072402226,
      "best_at_3": 0.699999988079071,
      "best_at_5": 0.699999988079071,
      "best_at_10": 0.699999988079071,
      "best_at_30": 0.699999988079071
    },
    {
      "seed": 4248,
      "diversity": 0.0,
      "best_at_3": 0.0,
      "best_at_5": 0.0,
      "best_at_10": 0.0,
      "best_at_30": 0.0
    },
    {
      "seed": 4249,
      "diversity": 0.0,
      "best_at_3": 0.0,
      "best_at_5": 0.0,
      "best_at_10": 0.0,
      "best_at_30": 0.0
    },
    {
      "seed": 4250,
      "diversity": 1.417142847606114,
      "best_at_3": 0.0,
      "best_at_5": 0.75,
      "best_at_10": 0.75,
      "best_at_30": 0.75
    },
    {
      "seed": 4251,
      "diversity": 1.3695237977164132,
      "best_at_3": 0.75,
      "best_at_5": 0.75,
      "best_at_10": 0.75,
      "best_at_30": 0.75
    },
    {
      "seed": 4252,
      "diversity": 0.0,
      "best_at_3": 0.0,
      "best_at_5": 0.0,
      "best_at_10": 0.0,
      "best_at_30": 0.0
    },
    {
      "seed": 4253,
      "diversity": 1.3904761904761904,
      "best_at_3": 0.0,
      "best_at_5": 0.0,
      "best_at_10": 0.75,
      "best_at_30": 0.75
    },
    {
      "seed": 4254,
      "diversity": 1.649523789542062,
      "best_at_3": 0.75,
      "best_at_5": 0.75,
      "best_at_10": 0.75,
      "best_at_30": 0.75
    },
    {
      "seed": 4255,
      "diversity": 0.0,
      "best_at_3": 0.0,
      "best_at_5": 0.0,
      "best_at_10": 0.0,
      "best_at_30": 0.0
    },
    {
      "seed": 4256,
      "diversity": 0.820317454565139,
      "best_at_3": 0.699999988079071,
      "best_at_5": 0.699999988079071,
      "best_at_10": 0.699999988079071,
      "best_at_30": 0.699999988079071
    },
    {
      "seed": 4257,
      "diversity": 1.6590475990658715,
      "best_at_3": 0.699999988079071,
      "best_at_5": 0.699999988079071,
      "best_at_10": 0.699999988079071,
      "best_at_30": 0.699999988079071
    }
  ]
}
Summary
adam_multirlvr: diversity=0.6954, best@30=0.4125, best@10=0.3648
adam_vpo: diversity=0.7373, best@30=0.4125, best@10=0.4125
muon_multirlvr: diversity=0.3628, best@30=0.3625, best@10=0.3625
